// Jest Snapshot v1, https://goo.gl/fbAQLP

exports[`postItem should call the saveItemError action if the response errors 1`] = `
Object {
  "@@redux-saga/IO": true,
  "SELECT": Object {
    "args": Array [],
    "selector": [Function],
  },
}
`;
